Java HotSpot(TM) 64-Bit Server VM (25.261-b12) for bsd-amd64 JRE (1.8.0_261-b12), built on Jun 18 2020 06:38:55 by "java_re" with gcc 4.2.1 Compatible Apple LLVM 10.0.0 (clang-1000.11.45.5)
Memory: 4k page, physical 8388608k(961072k free)

/proc/meminfo:

CommandLine flags: -XX:InitialHeapSize=4294967296 -XX:MaxHeapSize=4294967296 -XX:MaxNewSize=697933824 -XX:MaxTenuringThreshold=6 -XX:NewSize=697933824 -XX:OldPLABSize=16 -XX:OldSize=1395867648 -XX:+PrintGC -XX:+PrintGCDateStamps -XX:+PrintGCDetails -XX:+PrintGCTimeStamps -XX:+UseCompressedClassPointers -XX:+UseCompressedOops -XX:+UseConcMarkSweepGC -XX:+UseParNewGC 
2020-10-29T16:47:55.077-0800: 0.375: [GC (Allocation Failure) 2020-10-29T16:47:55.078-0800: 0.375: [ParNew: 545344K->68095K(613440K), 0.0613111 secs] 545344K->150202K(4126208K), 0.0614562 secs] [Times: user=0.13 sys=0.29, real=0.06 secs] 
2020-10-29T16:47:55.219-0800: 0.516: [GC (Allocation Failure) 2020-10-29T16:47:55.219-0800: 0.516: [ParNew: 613439K->68096K(613440K), 0.0678718 secs] 695546K->280448K(4126208K), 0.0679559 secs] [Times: user=0.13 sys=0.31, real=0.07 secs] 
2020-10-29T16:47:55.363-0800: 0.661: [GC (Allocation Failure) 2020-10-29T16:47:55.363-0800: 0.661: [ParNew: 613440K->68096K(613440K), 0.1118189 secs] 825792K->400488K(4126208K), 0.1119463 secs] [Times: user=0.64 sys=0.04, real=0.11 secs] 
2020-10-29T16:47:55.548-0800: 0.846: [GC (Allocation Failure) 2020-10-29T16:47:55.548-0800: 0.846: [ParNew: 613440K->68096K(613440K), 0.0863421 secs] 945832K->530521K(4126208K), 0.0864482 secs] [Times: user=0.63 sys=0.05, real=0.09 secs] 
2020-10-29T16:47:55.698-0800: 0.996: [GC (Allocation Failure) 2020-10-29T16:47:55.698-0800: 0.996: [ParNew: 613440K->68095K(613440K), 0.0774205 secs] 1075865K->649368K(4126208K), 0.0775299 secs] [Times: user=0.57 sys=0.04, real=0.08 secs] 
Heap
 par new generation   total 613440K, used 90301K [0x00000006c0000000, 0x00000006e9990000, 0x00000006e9990000)
  eden space 545344K,   4% used [0x00000006c0000000, 0x00000006c15af6e0, 0x00000006e1490000)
  from space 68096K,  99% used [0x00000006e5710000, 0x00000006e998ffb0, 0x00000006e9990000)
  to   space 68096K,   0% used [0x00000006e1490000, 0x00000006e1490000, 0x00000006e5710000)
 concurrent mark-sweep generation total 3512768K, used 581273K [0x00000006e9990000, 0x00000007c0000000, 0x00000007c0000000)
 Metaspace       used 2732K, capacity 4486K, committed 4864K, reserved 1056768K
  class space    used 296K, capacity 386K, committed 512K, reserved 1048576K
