Java HotSpot(TM) 64-Bit Server VM (25.261-b12) for bsd-amd64 JRE (1.8.0_261-b12), built on Jun 18 2020 06:38:55 by "java_re" with gcc 4.2.1 Compatible Apple LLVM 10.0.0 (clang-1000.11.45.5)
Memory: 4k page, physical 8388608k(900352k free)

/proc/meminfo:

CommandLine flags: -XX:InitialHeapSize=536870912 -XX:MaxHeapSize=536870912 -XX:MaxNewSize=178958336 -XX:MaxTenuringThreshold=6 -XX:NewSize=178958336 -XX:OldPLABSize=16 -XX:OldSize=357912576 -XX:+PrintGC -XX:+PrintGCDateStamps -XX:+PrintGCDetails -XX:+PrintGCTimeStamps -XX:+UseCompressedClassPointers -XX:+UseCompressedOops -XX:+UseConcMarkSweepGC -XX:+UseParNewGC 
2020-10-29T16:46:37.418-0800: 0.156: [GC (Allocation Failure) 2020-10-29T16:46:37.418-0800: 0.156: [ParNew: 139751K->17472K(157248K), 0.0192892 secs] 139751K->44076K(506816K), 0.0194686 secs] [Times: user=0.03 sys=0.08, real=0.02 secs] 
2020-10-29T16:46:37.456-0800: 0.194: [GC (Allocation Failure) 2020-10-29T16:46:37.456-0800: 0.194: [ParNew: 157248K->17465K(157248K), 0.0226444 secs] 183852K->89082K(506816K), 0.0227465 secs] [Times: user=0.04 sys=0.10, real=0.02 secs] 
2020-10-29T16:46:37.494-0800: 0.233: [GC (Allocation Failure) 2020-10-29T16:46:37.495-0800: 0.233: [ParNew: 157241K->17471K(157248K), 0.0274998 secs] 228858K->134985K(506816K), 0.0276486 secs] [Times: user=0.20 sys=0.01, real=0.03 secs] 
2020-10-29T16:46:37.538-0800: 0.276: [GC (Allocation Failure) 2020-10-29T16:46:37.538-0800: 0.276: [ParNew: 157247K->17470K(157248K), 0.0287912 secs] 274761K->181523K(506816K), 0.0289266 secs] [Times: user=0.21 sys=0.02, real=0.03 secs] 
2020-10-29T16:46:37.582-0800: 0.320: [GC (Allocation Failure) 2020-10-29T16:46:37.582-0800: 0.320: [ParNew: 157246K->17469K(157248K), 0.0294928 secs] 321299K->230065K(506816K), 0.0295923 secs] [Times: user=0.21 sys=0.02, real=0.03 secs] 
2020-10-29T16:46:37.612-0800: 0.350: [GC (CMS Initial Mark) [1 CMS-initial-mark: 212595K(349568K)] 233171K(506816K), 0.0002689 secs] [Times: user=0.00 sys=0.00, real=0.00 secs] 
2020-10-29T16:46:37.612-0800: 0.350: [CMS-concurrent-mark-start]
2020-10-29T16:46:37.614-0800: 0.352: [CMS-concurrent-mark: 0.002/0.002 secs] [Times: user=0.00 sys=0.00, real=0.00 secs] 
2020-10-29T16:46:37.614-0800: 0.352: [CMS-concurrent-preclean-start]
2020-10-29T16:46:37.614-0800: 0.352: [CMS-concurrent-preclean: 0.000/0.000 secs] [Times: user=0.00 sys=0.00, real=0.00 secs] 
2020-10-29T16:46:37.614-0800: 0.352: [CMS-concurrent-abortable-preclean-start]
2020-10-29T16:46:37.629-0800: 0.367: [GC (Allocation Failure) 2020-10-29T16:46:37.629-0800: 0.367: [ParNew: 157245K->17471K(157248K), 0.0277747 secs] 369841K->276171K(506816K), 0.0278698 secs] [Times: user=0.20 sys=0.01, real=0.03 secs] 
2020-10-29T16:46:37.671-0800: 0.409: [GC (Allocation Failure) 2020-10-29T16:46:37.671-0800: 0.409: [ParNew: 157247K->17470K(157248K), 0.0314027 secs] 415947K->328937K(506816K), 0.0315684 secs] [Times: user=0.23 sys=0.02, real=0.03 secs] 
2020-10-29T16:46:37.720-0800: 0.458: [GC (Allocation Failure) 2020-10-29T16:46:37.720-0800: 0.458: [ParNew: 157238K->157238K(157248K), 0.0000201 secs]2020-10-29T16:46:37.720-0800: 0.458: [CMS2020-10-29T16:46:37.720-0800: 0.458: [CMS-concurrent-abortable-preclean: 0.002/0.106 secs] [Times: user=0.49 sys=0.03, real=0.11 secs] 
 (concurrent mode failure): 311466K->250598K(349568K), 0.0461397 secs] 468705K->250598K(506816K), [Metaspace: 2725K->2725K(1056768K)], 0.0462868 secs] [Times: user=0.04 sys=0.00, real=0.04 secs] 
2020-10-29T16:46:37.785-0800: 0.523: [GC (Allocation Failure) 2020-10-29T16:46:37.785-0800: 0.523: [ParNew: 139776K->17470K(157248K), 0.0124423 secs] 390374K->298530K(506816K), 0.0125689 secs] [Times: user=0.08 sys=0.00, real=0.01 secs] 
2020-10-29T16:46:37.797-0800: 0.536: [GC (CMS Initial Mark) [1 CMS-initial-mark: 281060K(349568K)] 298599K(506816K), 0.0002168 secs] [Times: user=0.00 sys=0.00, real=0.00 secs] 
2020-10-29T16:46:37.798-0800: 0.536: [CMS-concurrent-mark-start]
2020-10-29T16:46:37.799-0800: 0.537: [CMS-concurrent-mark: 0.001/0.001 secs] [Times: user=0.01 sys=0.00, real=0.00 secs] 
2020-10-29T16:46:37.799-0800: 0.537: [CMS-concurrent-preclean-start]
2020-10-29T16:46:37.800-0800: 0.538: [CMS-concurrent-preclean: 0.000/0.000 secs] [Times: user=0.00 sys=0.00, real=0.01 secs] 
2020-10-29T16:46:37.800-0800: 0.538: [CMS-concurrent-abortable-preclean-start]
2020-10-29T16:46:37.816-0800: 0.554: [GC (Allocation Failure) 2020-10-29T16:46:37.816-0800: 0.554: [ParNew: 157246K->17471K(157248K), 0.0201029 secs] 438306K->343481K(506816K), 0.0202057 secs] [Times: user=0.13 sys=0.01, real=0.02 secs] 
2020-10-29T16:46:37.837-0800: 0.575: [CMS-concurrent-abortable-preclean: 0.001/0.038 secs] [Times: user=0.15 sys=0.01, real=0.03 secs] 
2020-10-29T16:46:37.838-0800: 0.576: [GC (CMS Final Remark) [YG occupancy: 24135 K (157248 K)]2020-10-29T16:46:37.838-0800: 0.576: [Rescan (parallel) , 0.0004416 secs]2020-10-29T16:46:37.838-0800: 0.576: [weak refs processing, 0.0000299 secs]2020-10-29T16:46:37.838-0800: 0.576: [class unloading, 0.0002785 secs]2020-10-29T16:46:37.838-0800: 0.577: [scrub symbol table, 0.0005015 secs]2020-10-29T16:46:37.839-0800: 0.577: [scrub string table, 0.0002902 secs][1 CMS-remark: 326009K(349568K)] 350144K(506816K), 0.0016507 secs] [Times: user=0.00 sys=0.00, real=0.00 secs] 
2020-10-29T16:46:37.839-0800: 0.578: [CMS-concurrent-sweep-start]
2020-10-29T16:46:37.840-0800: 0.578: [CMS-concurrent-sweep: 0.000/0.000 secs] [Times: user=0.00 sys=0.00, real=0.01 secs] 
2020-10-29T16:46:37.840-0800: 0.578: [CMS-concurrent-reset-start]
2020-10-29T16:46:37.840-0800: 0.578: [CMS-concurrent-reset: 0.000/0.000 secs] [Times: user=0.00 sys=0.00, real=0.00 secs] 
2020-10-29T16:46:37.863-0800: 0.601: [GC (Allocation Failure) 2020-10-29T16:46:37.863-0800: 0.601: [ParNew: 157119K->157119K(157248K), 0.0000585 secs]2020-10-29T16:46:37.863-0800: 0.601: [CMS: 296951K->291239K(349568K), 0.0555544 secs] 454071K->291239K(506816K), [Metaspace: 2725K->2725K(1056768K)], 0.0557570 secs] [Times: user=0.05 sys=0.00, real=0.05 secs] 
2020-10-29T16:46:37.919-0800: 0.657: [GC (CMS Initial Mark) [1 CMS-initial-mark: 291239K(349568K)] 291432K(506816K), 0.0002577 secs] [Times: user=0.00 sys=0.00, real=0.00 secs] 
2020-10-29T16:46:37.920-0800: 0.658: [CMS-concurrent-mark-start]
2020-10-29T16:46:37.921-0800: 0.659: [CMS-concurrent-mark: 0.001/0.001 secs] [Times: user=0.01 sys=0.00, real=0.00 secs] 
2020-10-29T16:46:37.921-0800: 0.659: [CMS-concurrent-preclean-start]
2020-10-29T16:46:37.921-0800: 0.659: [CMS-concurrent-preclean: 0.000/0.000 secs] [Times: user=0.00 sys=0.00, real=0.00 secs] 
2020-10-29T16:46:37.921-0800: 0.659: [CMS-concurrent-abortable-preclean-start]
2020-10-29T16:46:37.939-0800: 0.677: [GC (Allocation Failure) 2020-10-29T16:46:37.939-0800: 0.677: [ParNew: 139776K->17470K(157248K), 0.0072350 secs] 431015K->339153K(506816K), 0.0073296 secs] [Times: user=0.05 sys=0.00, real=0.01 secs] 
2020-10-29T16:46:37.963-0800: 0.702: [GC (Allocation Failure) 2020-10-29T16:46:37.963-0800: 0.702: [ParNew: 157246K->157246K(157248K), 0.0000221 secs]2020-10-29T16:46:37.964-0800: 0.702: [CMS2020-10-29T16:46:37.964-0800: 0.702: [CMS-concurrent-abortable-preclean: 0.002/0.043 secs] [Times: user=0.09 sys=0.00, real=0.04 secs] 
 (concurrent mode failure): 321683K->311052K(349568K), 0.0471056 secs] 478929K->311052K(506816K), [Metaspace: 2725K->2725K(1056768K)], 0.0472355 secs] [Times: user=0.05 sys=0.00, real=0.05 secs] 
2020-10-29T16:46:38.031-0800: 0.769: [GC (Allocation Failure) 2020-10-29T16:46:38.031-0800: 0.769: [ParNew: 139776K->17471K(157248K), 0.0116155 secs] 450828K->354641K(506816K), 0.0117078 secs] [Times: user=0.08 sys=0.01, real=0.01 secs] 
2020-10-29T16:46:38.043-0800: 0.781: [GC (CMS Initial Mark) [1 CMS-initial-mark: 337170K(349568K)] 354929K(506816K), 0.0001487 secs] [Times: user=0.00 sys=0.00, real=0.00 secs] 
2020-10-29T16:46:38.043-0800: 0.781: [CMS-concurrent-mark-start]
2020-10-29T16:46:38.044-0800: 0.782: [CMS-concurrent-mark: 0.001/0.001 secs] [Times: user=0.00 sys=0.00, real=0.00 secs] 
2020-10-29T16:46:38.044-0800: 0.782: [CMS-concurrent-preclean-start]
2020-10-29T16:46:38.044-0800: 0.782: [CMS-concurrent-preclean: 0.000/0.000 secs] [Times: user=0.00 sys=0.00, real=0.00 secs] 
2020-10-29T16:46:38.044-0800: 0.782: [CMS-concurrent-abortable-preclean-start]
2020-10-29T16:46:38.044-0800: 0.782: [CMS-concurrent-abortable-preclean: 0.000/0.000 secs] [Times: user=0.00 sys=0.00, real=0.00 secs] 
2020-10-29T16:46:38.044-0800: 0.782: [GC (CMS Final Remark) [YG occupancy: 28062 K (157248 K)]2020-10-29T16:46:38.044-0800: 0.783: [Rescan (parallel) , 0.0002655 secs]2020-10-29T16:46:38.045-0800: 0.783: [weak refs processing, 0.0000145 secs]2020-10-29T16:46:38.045-0800: 0.783: [class unloading, 0.0002273 secs]2020-10-29T16:46:38.045-0800: 0.783: [scrub symbol table, 0.0003462 secs]2020-10-29T16:46:38.045-0800: 0.783: [scrub string table, 0.0001568 secs][1 CMS-remark: 337170K(349568K)] 365232K(506816K), 0.0010753 secs] [Times: user=0.00 sys=0.00, real=0.00 secs] 
2020-10-29T16:46:38.046-0800: 0.784: [CMS-concurrent-sweep-start]
2020-10-29T16:46:38.046-0800: 0.784: [CMS-concurrent-sweep: 0.000/0.000 secs] [Times: user=0.00 sys=0.00, real=0.00 secs] 
2020-10-29T16:46:38.046-0800: 0.784: [CMS-concurrent-reset-start]
2020-10-29T16:46:38.046-0800: 0.784: [CMS-concurrent-reset: 0.000/0.000 secs] [Times: user=0.00 sys=0.00, real=0.00 secs] 
2020-10-29T16:46:38.060-0800: 0.798: [GC (Allocation Failure) 2020-10-29T16:46:38.060-0800: 0.798: [ParNew: 157247K->17471K(157248K), 0.0111628 secs] 458891K->359887K(506816K), 0.0112495 secs] [Times: user=0.09 sys=0.00, real=0.01 secs] 
2020-10-29T16:46:38.071-0800: 0.810: [GC (CMS Initial Mark) [1 CMS-initial-mark: 342415K(349568K)] 363139K(506816K), 0.0002099 secs] [Times: user=0.00 sys=0.00, real=0.00 secs] 
2020-10-29T16:46:38.072-0800: 0.810: [CMS-concurrent-mark-start]
2020-10-29T16:46:38.073-0800: 0.811: [CMS-concurrent-mark: 0.001/0.001 secs] [Times: user=0.00 sys=0.00, real=0.00 secs] 
2020-10-29T16:46:38.073-0800: 0.811: [CMS-concurrent-preclean-start]
2020-10-29T16:46:38.073-0800: 0.811: [CMS-concurrent-preclean: 0.000/0.000 secs] [Times: user=0.00 sys=0.00, real=0.00 secs] 
2020-10-29T16:46:38.073-0800: 0.811: [CMS-concurrent-abortable-preclean-start]
2020-10-29T16:46:38.073-0800: 0.811: [CMS-concurrent-abortable-preclean: 0.000/0.000 secs] [Times: user=0.00 sys=0.00, real=0.00 secs] 
2020-10-29T16:46:38.074-0800: 0.812: [GC (CMS Final Remark) [YG occupancy: 33604 K (157248 K)]2020-10-29T16:46:38.074-0800: 0.812: [Rescan (parallel) , 0.0002492 secs]2020-10-29T16:46:38.074-0800: 0.812: [weak refs processing, 0.0000118 secs]2020-10-29T16:46:38.074-0800: 0.812: [class unloading, 0.0003070 secs]2020-10-29T16:46:38.074-0800: 0.812: [scrub symbol table, 0.0003119 secs]2020-10-29T16:46:38.074-0800: 0.813: [scrub string table, 0.0001359 secs][1 CMS-remark: 342415K(349568K)] 376019K(506816K), 0.0011040 secs] [Times: user=0.00 sys=0.00, real=0.00 secs] 
2020-10-29T16:46:38.075-0800: 0.813: [CMS-concurrent-sweep-start]
2020-10-29T16:46:38.075-0800: 0.813: [CMS-concurrent-sweep: 0.000/0.000 secs] [Times: user=0.00 sys=0.00, real=0.00 secs] 
2020-10-29T16:46:38.075-0800: 0.813: [CMS-concurrent-reset-start]
2020-10-29T16:46:38.075-0800: 0.814: [CMS-concurrent-reset: 0.000/0.000 secs] [Times: user=0.00 sys=0.00, real=0.00 secs] 
2020-10-29T16:46:38.090-0800: 0.828: [GC (Allocation Failure) 2020-10-29T16:46:38.090-0800: 0.828: [ParNew: 157247K->157247K(157248K), 0.0000159 secs]2020-10-29T16:46:38.090-0800: 0.828: [CMS: 306107K->334693K(349568K), 0.0502576 secs] 463355K->334693K(506816K), [Metaspace: 2725K->2725K(1056768K)], 0.0503728 secs] [Times: user=0.05 sys=0.00, real=0.05 secs] 
2020-10-29T16:46:38.140-0800: 0.879: [GC (CMS Initial Mark) [1 CMS-initial-mark: 334693K(349568K)] 337623K(506816K), 0.0001859 secs] [Times: user=0.00 sys=0.00, real=0.00 secs] 
2020-10-29T16:46:38.141-0800: 0.879: [CMS-concurrent-mark-start]
2020-10-29T16:46:38.142-0800: 0.880: [CMS-concurrent-mark: 0.001/0.001 secs] [Times: user=0.00 sys=0.00, real=0.00 secs] 
2020-10-29T16:46:38.142-0800: 0.880: [CMS-concurrent-preclean-start]
2020-10-29T16:46:38.142-0800: 0.880: [CMS-concurrent-preclean: 0.000/0.000 secs] [Times: user=0.00 sys=0.00, real=0.00 secs] 
2020-10-29T16:46:38.142-0800: 0.880: [CMS-concurrent-abortable-preclean-start]
2020-10-29T16:46:38.160-0800: 0.898: [GC (Allocation Failure) 2020-10-29T16:46:38.160-0800: 0.898: [ParNew: 139565K->139565K(157248K), 0.0000234 secs]2020-10-29T16:46:38.160-0800: 0.898: [CMS2020-10-29T16:46:38.160-0800: 0.898: [CMS-concurrent-abortable-preclean: 0.000/0.018 secs] [Times: user=0.02 sys=0.00, real=0.02 secs] 
 (concurrent mode failure): 334693K->338905K(349568K), 0.0507873 secs] 474259K->338905K(506816K), [Metaspace: 2725K->2725K(1056768K)], 0.0509570 secs] [Times: user=0.05 sys=0.00, real=0.05 secs] 
2020-10-29T16:46:38.232-0800: 0.970: [GC (Allocation Failure) 2020-10-29T16:46:38.232-0800: 0.970: [ParNew: 139764K->139764K(157248K), 0.0000211 secs]2020-10-29T16:46:38.232-0800: 0.970: [CMS: 338905K->347022K(349568K), 0.0538377 secs] 478669K->347022K(506816K), [Metaspace: 2725K->2725K(1056768K)], 0.0539757 secs] [Times: user=0.06 sys=0.00, real=0.05 secs] 
2020-10-29T16:46:38.286-0800: 1.024: [GC (CMS Initial Mark) [1 CMS-initial-mark: 347022K(349568K)] 349969K(506816K), 0.0001842 secs] [Times: user=0.00 sys=0.00, real=0.00 secs] 
2020-10-29T16:46:38.286-0800: 1.024: [CMS-concurrent-mark-start]
2020-10-29T16:46:38.288-0800: 1.026: [CMS-concurrent-mark: 0.001/0.001 secs] [Times: user=0.00 sys=0.00, real=0.00 secs] 
2020-10-29T16:46:38.288-0800: 1.026: [CMS-concurrent-preclean-start]
2020-10-29T16:46:38.288-0800: 1.026: [CMS-concurrent-preclean: 0.000/0.000 secs] [Times: user=0.00 sys=0.00, real=0.00 secs] 
2020-10-29T16:46:38.288-0800: 1.026: [CMS-concurrent-abortable-preclean-start]
2020-10-29T16:46:38.288-0800: 1.026: [CMS-concurrent-abortable-preclean: 0.000/0.000 secs] [Times: user=0.00 sys=0.00, real=0.00 secs] 
2020-10-29T16:46:38.288-0800: 1.026: [GC (CMS Final Remark) [YG occupancy: 16372 K (157248 K)]2020-10-29T16:46:38.288-0800: 1.026: [Rescan (parallel) , 0.0002429 secs]2020-10-29T16:46:38.288-0800: 1.027: [weak refs processing, 0.0000173 secs]2020-10-29T16:46:38.288-0800: 1.027: [class unloading, 0.0002364 secs]2020-10-29T16:46:38.289-0800: 1.027: [scrub symbol table, 0.0003571 secs]2020-10-29T16:46:38.289-0800: 1.027: [scrub string table, 0.0001772 secs][1 CMS-remark: 347022K(349568K)] 363395K(506816K), 0.0011034 secs] [Times: user=0.00 sys=0.00, real=0.00 secs] 
2020-10-29T16:46:38.289-0800: 1.028: [CMS-concurrent-sweep-start]
2020-10-29T16:46:38.290-0800: 1.028: [CMS-concurrent-sweep: 0.000/0.000 secs] [Times: user=0.00 sys=0.00, real=0.01 secs] 
2020-10-29T16:46:38.290-0800: 1.028: [CMS-concurrent-reset-start]
2020-10-29T16:46:38.290-0800: 1.028: [CMS-concurrent-reset: 0.000/0.000 secs] [Times: user=0.00 sys=0.00, real=0.00 secs] 
2020-10-29T16:46:38.308-0800: 1.046: [GC (Allocation Failure) 2020-10-29T16:46:38.308-0800: 1.046: [ParNew: 139776K->139776K(157248K), 0.0000213 secs]2020-10-29T16:46:38.308-0800: 1.047: [CMS: 346734K->349553K(349568K), 0.0576400 secs] 486510K->353427K(506816K), [Metaspace: 2725K->2725K(1056768K)], 0.0577712 secs] [Times: user=0.06 sys=0.00, real=0.06 secs] 
2020-10-29T16:46:38.366-0800: 1.104: [GC (CMS Initial Mark) [1 CMS-initial-mark: 349553K(349568K)] 353609K(506816K), 0.0001726 secs] [Times: user=0.00 sys=0.01, real=0.00 secs] 
2020-10-29T16:46:38.366-0800: 1.105: [CMS-concurrent-mark-start]
Heap
 par new generation   total 157248K, used 9618K [0x00000007a0000000, 0x00000007aaaa0000, 0x00000007aaaa0000)
  eden space 139776K,   6% used [0x00000007a0000000, 0x00000007a0964a00, 0x00000007a8880000)
  from space 17472K,   0% used [0x00000007a8880000, 0x00000007a8880000, 0x00000007a9990000)
  to   space 17472K,   0% used [0x00000007a9990000, 0x00000007a9990000, 0x00000007aaaa0000)
 concurrent mark-sweep generation total 349568K, used 349553K [0x00000007aaaa0000, 0x00000007c0000000, 0x00000007c0000000)
 Metaspace       used 2732K, capacity 4486K, committed 4864K, reserved 1056768K
  class space    used 296K, capacity 386K, committed 512K, reserved 1048576K
