Java HotSpot(TM) 64-Bit Server VM (25.261-b12) for bsd-amd64 JRE (1.8.0_261-b12), built on Jun 18 2020 06:38:55 by "java_re" with gcc 4.2.1 Compatible Apple LLVM 10.0.0 (clang-1000.11.45.5)
Memory: 4k page, physical 8388608k(777484k free)

/proc/meminfo:

CommandLine flags: -XX:InitialHeapSize=1073741824 -XX:MaxHeapSize=1073741824 -XX:MaxNewSize=357916672 -XX:MaxTenuringThreshold=6 -XX:NewSize=357916672 -XX:OldPLABSize=16 -XX:OldSize=715825152 -XX:+PrintGC -XX:+PrintGCDateStamps -XX:+PrintGCDetails -XX:+PrintGCTimeStamps -XX:+UseCompressedClassPointers -XX:+UseCompressedOops -XX:+UseConcMarkSweepGC -XX:+UseParNewGC 
2020-10-29T16:47:10.970-0800: 0.238: [GC (Allocation Failure) 2020-10-29T16:47:10.970-0800: 0.238: [ParNew: 279616K->34944K(314560K), 0.0339454 secs] 279616K->79701K(1013632K), 0.0340835 secs] [Times: user=0.05 sys=0.16, real=0.03 secs] 
2020-10-29T16:47:11.044-0800: 0.311: [GC (Allocation Failure) 2020-10-29T16:47:11.044-0800: 0.312: [ParNew: 314560K->34942K(314560K), 0.0375142 secs] 359317K->157512K(1013632K), 0.0376221 secs] [Times: user=0.07 sys=0.17, real=0.04 secs] 
2020-10-29T16:47:11.116-0800: 0.384: [GC (Allocation Failure) 2020-10-29T16:47:11.116-0800: 0.384: [ParNew: 314558K->34944K(314560K), 0.0498998 secs] 437128K->237489K(1013632K), 0.0500031 secs] [Times: user=0.36 sys=0.03, real=0.05 secs] 
2020-10-29T16:47:11.198-0800: 0.466: [GC (Allocation Failure) 2020-10-29T16:47:11.198-0800: 0.466: [ParNew: 314560K->34942K(314560K), 0.0494053 secs] 517105K->315729K(1013632K), 0.0495444 secs] [Times: user=0.34 sys=0.02, real=0.05 secs] 
2020-10-29T16:47:11.285-0800: 0.552: [GC (Allocation Failure) 2020-10-29T16:47:11.285-0800: 0.552: [ParNew: 314558K->34943K(314560K), 0.0579106 secs] 595345K->398184K(1013632K), 0.0580497 secs] [Times: user=0.39 sys=0.04, real=0.06 secs] 
2020-10-29T16:47:11.343-0800: 0.611: [GC (CMS Initial Mark) [1 CMS-initial-mark: 363240K(699072K)] 398328K(1013632K), 0.0003589 secs] [Times: user=0.00 sys=0.00, real=0.00 secs] 
2020-10-29T16:47:11.344-0800: 0.611: [CMS-concurrent-mark-start]
2020-10-29T16:47:11.347-0800: 0.614: [CMS-concurrent-mark: 0.003/0.003 secs] [Times: user=0.01 sys=0.00, real=0.00 secs] 
2020-10-29T16:47:11.347-0800: 0.614: [CMS-concurrent-preclean-start]
2020-10-29T16:47:11.348-0800: 0.615: [CMS-concurrent-preclean: 0.001/0.001 secs] [Times: user=0.00 sys=0.00, real=0.00 secs] 
2020-10-29T16:47:11.348-0800: 0.615: [CMS-concurrent-abortable-preclean-start]
2020-10-29T16:47:11.378-0800: 0.645: [GC (Allocation Failure) 2020-10-29T16:47:11.378-0800: 0.645: [ParNew: 314559K->34942K(314560K), 0.0493549 secs] 677800K->475118K(1013632K), 0.0495128 secs] [Times: user=0.34 sys=0.03, real=0.05 secs] 
2020-10-29T16:47:11.461-0800: 0.728: [GC (Allocation Failure) 2020-10-29T16:47:11.461-0800: 0.728: [ParNew: 314558K->34943K(314560K), 0.0653137 secs] 754734K->549094K(1013632K), 0.0654236 secs] [Times: user=0.39 sys=0.03, real=0.06 secs] 
2020-10-29T16:47:11.564-0800: 0.832: [GC (Allocation Failure) 2020-10-29T16:47:11.564-0800: 0.832: [ParNew: 314559K->34943K(314560K), 0.0528015 secs] 828710K->624151K(1013632K), 0.0529041 secs] [Times: user=0.32 sys=0.02, real=0.05 secs] 
2020-10-29T16:47:11.654-0800: 0.922: [GC (Allocation Failure) 2020-10-29T16:47:11.654-0800: 0.922: [ParNew: 314559K->34943K(314560K), 0.0524342 secs] 903767K->701032K(1013632K), 0.0525369 secs] [Times: user=0.28 sys=0.03, real=0.05 secs] 
2020-10-29T16:47:11.707-0800: 0.974: [CMS-concurrent-abortable-preclean: 0.007/0.359 secs] [Times: user=1.46 sys=0.11, real=0.36 secs] 
2020-10-29T16:47:11.707-0800: 0.975: [GC (CMS Final Remark) [YG occupancy: 35231 K (314560 K)]2020-10-29T16:47:11.707-0800: 0.975: [Rescan (parallel) , 0.0011855 secs]2020-10-29T16:47:11.708-0800: 0.976: [weak refs processing, 0.0000212 secs]2020-10-29T16:47:11.708-0800: 0.976: [class unloading, 0.0003300 secs]2020-10-29T16:47:11.709-0800: 0.976: [scrub symbol table, 0.0005302 secs]2020-10-29T16:47:11.709-0800: 0.977: [scrub string table, 0.0001823 secs][1 CMS-remark: 666088K(699072K)] 701320K(1013632K), 0.0023763 secs] [Times: user=0.00 sys=0.00, real=0.00 secs] 
2020-10-29T16:47:11.710-0800: 0.977: [CMS-concurrent-sweep-start]
2020-10-29T16:47:11.711-0800: 0.979: [CMS-concurrent-sweep: 0.002/0.002 secs] [Times: user=0.01 sys=0.00, real=0.00 secs] 
2020-10-29T16:47:11.711-0800: 0.979: [CMS-concurrent-reset-start]
2020-10-29T16:47:11.713-0800: 0.981: [CMS-concurrent-reset: 0.002/0.002 secs] [Times: user=0.00 sys=0.00, real=0.00 secs] 
2020-10-29T16:47:11.743-0800: 1.010: [GC (Allocation Failure) 2020-10-29T16:47:11.743-0800: 1.010: [ParNew: 314559K->34942K(314560K), 0.0228412 secs] 854563K->661069K(1013632K), 0.0229435 secs] [Times: user=0.15 sys=0.00, real=0.02 secs] 
2020-10-29T16:47:11.766-0800: 1.033: [GC (CMS Initial Mark) [1 CMS-initial-mark: 626127K(699072K)] 666705K(1013632K), 0.0002026 secs] [Times: user=0.00 sys=0.00, real=0.00 secs] 
2020-10-29T16:47:11.766-0800: 1.034: [CMS-concurrent-mark-start]
2020-10-29T16:47:11.768-0800: 1.035: [CMS-concurrent-mark: 0.002/0.002 secs] [Times: user=0.00 sys=0.00, real=0.00 secs] 
2020-10-29T16:47:11.768-0800: 1.035: [CMS-concurrent-preclean-start]
2020-10-29T16:47:11.768-0800: 1.036: [CMS-concurrent-preclean: 0.001/0.001 secs] [Times: user=0.00 sys=0.00, real=0.00 secs] 
2020-10-29T16:47:11.768-0800: 1.036: [CMS-concurrent-abortable-preclean-start]
2020-10-29T16:47:11.798-0800: 1.065: [GC (Allocation Failure) 2020-10-29T16:47:11.798-0800: 1.065: [ParNew: 314558K->314558K(314560K), 0.0000187 secs]2020-10-29T16:47:11.798-0800: 1.065: [CMS2020-10-29T16:47:11.798-0800: 1.065: [CMS-concurrent-abortable-preclean: 0.001/0.030 secs] [Times: user=0.03 sys=0.00, real=0.03 secs] 
 (concurrent mode failure): 626127K->346670K(699072K), 0.1135219 secs] 940685K->346670K(1013632K), [Metaspace: 2725K->2725K(1056768K)], 0.1136722 secs] [Times: user=0.12 sys=0.00, real=0.12 secs] 
Heap
 par new generation   total 314560K, used 11360K [0x0000000780000000, 0x0000000795550000, 0x0000000795550000)
  eden space 279616K,   4% used [0x0000000780000000, 0x0000000780b18290, 0x0000000791110000)
  from space 34944K,   0% used [0x0000000791110000, 0x0000000791110000, 0x0000000793330000)
  to   space 34944K,   0% used [0x0000000793330000, 0x0000000793330000, 0x0000000795550000)
 concurrent mark-sweep generation total 699072K, used 346670K [0x0000000795550000, 0x00000007c0000000, 0x00000007c0000000)
 Metaspace       used 2732K, capacity 4486K, committed 4864K, reserved 1056768K
  class space    used 296K, capacity 386K, committed 512K, reserved 1048576K
