Java HotSpot(TM) 64-Bit Server VM (25.261-b12) for bsd-amd64 JRE (1.8.0_261-b12), built on Jun 18 2020 06:38:55 by "java_re" with gcc 4.2.1 Compatible Apple LLVM 10.0.0 (clang-1000.11.45.5)
Memory: 4k page, physical 8388608k(772964k free)

/proc/meminfo:

CommandLine flags: -XX:InitialHeapSize=536870912 -XX:MaxHeapSize=536870912 -XX:+PrintGC -XX:+PrintGCDateStamps -XX:+PrintGCTimeStamps -XX:+UseCompressedClassPointers -XX:+UseCompressedOops -XX:+UseG1GC 
2020-10-29T17:02:20.362-0800: 0.100: [GC pause (G1 Evacuation Pause) (young) 31M->12M(512M), 0.0062044 secs]
2020-10-29T17:02:20.377-0800: 0.115: [GC pause (G1 Evacuation Pause) (young) 38M->21M(512M), 0.0038766 secs]
2020-10-29T17:02:20.413-0800: 0.151: [GC pause (G1 Evacuation Pause) (young) 87M->48M(512M), 0.0086121 secs]
2020-10-29T17:02:20.444-0800: 0.182: [GC pause (G1 Evacuation Pause) (young) 131M->75M(512M), 0.0098127 secs]
2020-10-29T17:02:20.508-0800: 0.246: [GC pause (G1 Evacuation Pause) (young) 235M->116M(512M), 0.0182239 secs]
2020-10-29T17:02:20.542-0800: 0.280: [GC pause (G1 Evacuation Pause) (young) 234M->157M(512M), 0.0125956 secs]
2020-10-29T17:02:20.591-0800: 0.329: [GC pause (G1 Evacuation Pause) (young) 338M->202M(512M), 0.0178914 secs]
2020-10-29T17:02:20.616-0800: 0.354: [GC pause (G1 Humongous Allocation) (young) (initial-mark) 273M->223M(512M), 0.0039491 secs]
2020-10-29T17:02:20.620-0800: 0.358: [GC concurrent-root-region-scan-start]
2020-10-29T17:02:20.620-0800: 0.358: [GC concurrent-root-region-scan-end, 0.0001332 secs]
2020-10-29T17:02:20.620-0800: 0.358: [GC concurrent-mark-start]
2020-10-29T17:02:20.622-0800: 0.360: [GC concurrent-mark-end, 0.0016295 secs]
2020-10-29T17:02:20.622-0800: 0.360: [GC remark, 0.0010057 secs]
2020-10-29T17:02:20.624-0800: 0.361: [GC cleanup 243M->241M(512M), 0.0004827 secs]
2020-10-29T17:02:20.624-0800: 0.362: [GC concurrent-cleanup-start]
2020-10-29T17:02:20.624-0800: 0.362: [GC concurrent-cleanup-end, 0.0000089 secs]
2020-10-29T17:02:20.659-0800: 0.397: [GC pause (G1 Evacuation Pause) (young)-- 421M->345M(512M), 0.0119467 secs]
2020-10-29T17:02:20.672-0800: 0.409: [GC pause (G1 Evacuation Pause) (mixed) 351M->329M(512M), 0.0035208 secs]
2020-10-29T17:02:20.675-0800: 0.413: [GC pause (G1 Humongous Allocation) (young) (initial-mark) 330M->329M(512M), 0.0011258 secs]
2020-10-29T17:02:20.676-0800: 0.414: [GC concurrent-root-region-scan-start]
2020-10-29T17:02:20.677-0800: 0.415: [GC concurrent-root-region-scan-end, 0.0001382 secs]
2020-10-29T17:02:20.677-0800: 0.415: [GC concurrent-mark-start]
2020-10-29T17:02:20.677-0800: 0.415: [GC concurrent-mark-end, 0.0008584 secs]
2020-10-29T17:02:20.678-0800: 0.415: [GC remark, 0.0011583 secs]
2020-10-29T17:02:20.679-0800: 0.417: [GC cleanup 335M->334M(512M), 0.0006056 secs]
2020-10-29T17:02:20.680-0800: 0.417: [GC concurrent-cleanup-start]
2020-10-29T17:02:20.680-0800: 0.417: [GC concurrent-cleanup-end, 0.0000084 secs]
2020-10-29T17:02:20.690-0800: 0.428: [GC pause (G1 Evacuation Pause) (young) 423M->354M(512M), 0.0031939 secs]
2020-10-29T17:02:20.695-0800: 0.433: [GC pause (G1 Evacuation Pause) (mixed) 376M->316M(512M), 0.0028422 secs]
2020-10-29T17:02:20.701-0800: 0.439: [GC pause (G1 Evacuation Pause) (mixed) 342M->289M(512M), 0.0029623 secs]
2020-10-29T17:02:20.707-0800: 0.445: [GC pause (G1 Evacuation Pause) (mixed) 312M->284M(512M), 0.0024220 secs]
2020-10-29T17:02:20.710-0800: 0.448: [GC pause (G1 Humongous Allocation) (young) (initial-mark) 292M->286M(512M), 0.0008756 secs]
2020-10-29T17:02:20.711-0800: 0.449: [GC concurrent-root-region-scan-start]
2020-10-29T17:02:20.711-0800: 0.449: [GC concurrent-root-region-scan-end, 0.0000877 secs]
2020-10-29T17:02:20.711-0800: 0.449: [GC concurrent-mark-start]
2020-10-29T17:02:20.712-0800: 0.450: [GC concurrent-mark-end, 0.0007477 secs]
2020-10-29T17:02:20.712-0800: 0.450: [GC remark, 0.0009522 secs]
2020-10-29T17:02:20.713-0800: 0.451: [GC cleanup 297M->297M(512M), 0.0004809 secs]
2020-10-29T17:02:20.729-0800: 0.467: [GC pause (G1 Evacuation Pause) (young) 417M->315M(512M), 0.0038762 secs]
2020-10-29T17:02:20.734-0800: 0.472: [GC pause (G1 Evacuation Pause) (mixed) 328M->291M(512M), 0.0044847 secs]
2020-10-29T17:02:20.742-0800: 0.480: [GC pause (G1 Evacuation Pause) (mixed) 320M->298M(512M), 0.0017236 secs]
2020-10-29T17:02:20.744-0800: 0.482: [GC pause (G1 Humongous Allocation) (young) (initial-mark) 300M->299M(512M), 0.0009627 secs]
2020-10-29T17:02:20.745-0800: 0.483: [GC concurrent-root-region-scan-start]
2020-10-29T17:02:20.745-0800: 0.483: [GC concurrent-root-region-scan-end, 0.0000722 secs]
2020-10-29T17:02:20.745-0800: 0.483: [GC concurrent-mark-start]
2020-10-29T17:02:20.746-0800: 0.484: [GC concurrent-mark-end, 0.0010057 secs]
2020-10-29T17:02:20.746-0800: 0.484: [GC remark, 0.0011246 secs]
2020-10-29T17:02:20.747-0800: 0.485: [GC cleanup 308M->308M(512M), 0.0004468 secs]
2020-10-29T17:02:20.759-0800: 0.497: [GC pause (G1 Evacuation Pause) (young) 405M->326M(512M), 0.0025360 secs]
2020-10-29T17:02:20.764-0800: 0.502: [GC pause (G1 Evacuation Pause) (mixed) 342M->301M(512M), 0.0041937 secs]
2020-10-29T17:02:20.771-0800: 0.509: [GC pause (G1 Evacuation Pause) (mixed) 329M->303M(512M), 0.0020329 secs]
2020-10-29T17:02:20.773-0800: 0.511: [GC pause (G1 Humongous Allocation) (young) (initial-mark) 304M->303M(512M), 0.0008741 secs]
2020-10-29T17:02:20.774-0800: 0.512: [GC concurrent-root-region-scan-start]
2020-10-29T17:02:20.774-0800: 0.512: [GC concurrent-root-region-scan-end, 0.0000639 secs]
2020-10-29T17:02:20.774-0800: 0.512: [GC concurrent-mark-start]
2020-10-29T17:02:20.775-0800: 0.513: [GC concurrent-mark-end, 0.0011148 secs]
2020-10-29T17:02:20.775-0800: 0.513: [GC remark, 0.0011346 secs]
2020-10-29T17:02:20.777-0800: 0.514: [GC cleanup 314M->314M(512M), 0.0005256 secs]
2020-10-29T17:02:20.790-0800: 0.528: [GC pause (G1 Evacuation Pause) (young)-- 423M->369M(512M), 0.0029025 secs]
2020-10-29T17:02:20.795-0800: 0.533: [GC pause (G1 Evacuation Pause) (mixed) 385M->357M(512M), 0.0036208 secs]
2020-10-29T17:02:20.799-0800: 0.537: [GC pause (G1 Humongous Allocation) (young) (initial-mark) 360M->356M(512M), 0.0007339 secs]
2020-10-29T17:02:20.800-0800: 0.538: [GC concurrent-root-region-scan-start]
2020-10-29T17:02:20.800-0800: 0.538: [GC concurrent-root-region-scan-end, 0.0000915 secs]
2020-10-29T17:02:20.800-0800: 0.538: [GC concurrent-mark-start]
2020-10-29T17:02:20.801-0800: 0.539: [GC concurrent-mark-end, 0.0011641 secs]
2020-10-29T17:02:20.801-0800: 0.539: [GC remark, 0.0011718 secs]
2020-10-29T17:02:20.803-0800: 0.541: [GC cleanup 369M->368M(512M), 0.0004761 secs]
2020-10-29T17:02:20.803-0800: 0.541: [GC concurrent-cleanup-start]
2020-10-29T17:02:20.803-0800: 0.541: [GC concurrent-cleanup-end, 0.0000067 secs]
2020-10-29T17:02:20.808-0800: 0.546: [GC pause (G1 Evacuation Pause) (young) 413M->371M(512M), 0.0022243 secs]
2020-10-29T17:02:20.813-0800: 0.551: [GC pause (G1 Evacuation Pause) (mixed) 398M->341M(512M), 0.0025787 secs]
2020-10-29T17:02:20.818-0800: 0.556: [GC pause (G1 Evacuation Pause) (mixed) 365M->330M(512M), 0.0038813 secs]
2020-10-29T17:02:20.823-0800: 0.561: [GC pause (G1 Humongous Allocation) (young) (initial-mark) 332M->331M(512M), 0.0009888 secs]
2020-10-29T17:02:20.824-0800: 0.562: [GC concurrent-root-region-scan-start]
2020-10-29T17:02:20.824-0800: 0.562: [GC concurrent-root-region-scan-end, 0.0000717 secs]
2020-10-29T17:02:20.824-0800: 0.562: [GC concurrent-mark-start]
2020-10-29T17:02:20.825-0800: 0.563: [GC concurrent-mark-end, 0.0011107 secs]
2020-10-29T17:02:20.825-0800: 0.563: [GC remark, 0.0011412 secs]
2020-10-29T17:02:20.826-0800: 0.564: [GC cleanup 340M->340M(512M), 0.0005151 secs]
2020-10-29T17:02:20.836-0800: 0.574: [GC pause (G1 Evacuation Pause) (young) 408M->352M(512M), 0.0023375 secs]
2020-10-29T17:02:20.840-0800: 0.578: [GC pause (G1 Evacuation Pause) (mixed) 372M->335M(512M), 0.0047436 secs]
2020-10-29T17:02:20.845-0800: 0.583: [GC pause (G1 Humongous Allocation) (young) (initial-mark) 335M->335M(512M), 0.0009506 secs]
2020-10-29T17:02:20.846-0800: 0.584: [GC concurrent-root-region-scan-start]
2020-10-29T17:02:20.846-0800: 0.584: [GC concurrent-root-region-scan-end, 0.0000703 secs]
2020-10-29T17:02:20.846-0800: 0.584: [GC concurrent-mark-start]
2020-10-29T17:02:20.847-0800: 0.585: [GC concurrent-mark-end, 0.0011443 secs]
2020-10-29T17:02:20.848-0800: 0.585: [GC remark, 0.0014750 secs]
2020-10-29T17:02:20.849-0800: 0.587: [GC cleanup 347M->347M(512M), 0.0008927 secs]
2020-10-29T17:02:20.862-0800: 0.600: [GC pause (G1 Evacuation Pause) (young) 408M->349M(512M), 0.0048838 secs]
2020-10-29T17:02:20.871-0800: 0.609: [GC pause (G1 Evacuation Pause) (mixed) 374M->342M(512M), 0.0074066 secs]
2020-10-29T17:02:20.881-0800: 0.619: [GC pause (G1 Humongous Allocation) (young) (initial-mark) 347M->345M(512M), 0.0041008 secs]
2020-10-29T17:02:20.885-0800: 0.623: [GC concurrent-root-region-scan-start]
2020-10-29T17:02:20.885-0800: 0.623: [GC concurrent-root-region-scan-end, 0.0001307 secs]
2020-10-29T17:02:20.885-0800: 0.623: [GC concurrent-mark-start]
2020-10-29T17:02:20.888-0800: 0.626: [GC concurrent-mark-end, 0.0025862 secs]
2020-10-29T17:02:20.888-0800: 0.626: [GC remark, 0.0015163 secs]
2020-10-29T17:02:20.889-0800: 0.627: [GC cleanup 358M->357M(512M), 0.0006126 secs]
2020-10-29T17:02:20.890-0800: 0.628: [GC concurrent-cleanup-start]
2020-10-29T17:02:20.890-0800: 0.628: [GC concurrent-cleanup-end, 0.0000086 secs]
2020-10-29T17:02:20.896-0800: 0.634: [GC pause (G1 Evacuation Pause) (young) 396M->356M(512M), 0.0026563 secs]
2020-10-29T17:02:20.902-0800: 0.640: [GC pause (G1 Evacuation Pause) (mixed) 382M->343M(512M), 0.0050228 secs]
2020-10-29T17:02:20.907-0800: 0.645: [GC pause (G1 Humongous Allocation) (young) (initial-mark) 345M->344M(512M), 0.0012969 secs]
2020-10-29T17:02:20.909-0800: 0.647: [GC concurrent-root-region-scan-start]
2020-10-29T17:02:20.909-0800: 0.647: [GC concurrent-root-region-scan-end, 0.0000957 secs]
2020-10-29T17:02:20.909-0800: 0.647: [GC concurrent-mark-start]
2020-10-29T17:02:20.910-0800: 0.648: [GC concurrent-mark-end, 0.0013295 secs]
2020-10-29T17:02:20.910-0800: 0.648: [GC remark, 0.0013383 secs]
2020-10-29T17:02:20.912-0800: 0.650: [GC cleanup 357M->357M(512M), 0.0005384 secs]
2020-10-29T17:02:20.919-0800: 0.656: [GC pause (G1 Evacuation Pause) (young) 401M->360M(512M), 0.0022178 secs]
2020-10-29T17:02:20.923-0800: 0.661: [GC pause (G1 Evacuation Pause) (mixed) 385M->352M(512M), 0.0046758 secs]
2020-10-29T17:02:20.929-0800: 0.667: [GC pause (G1 Humongous Allocation) (young) (initial-mark) 355M->353M(512M), 0.0021509 secs]
2020-10-29T17:02:20.931-0800: 0.669: [GC concurrent-root-region-scan-start]
2020-10-29T17:02:20.931-0800: 0.669: [GC concurrent-root-region-scan-end, 0.0000998 secs]
2020-10-29T17:02:20.931-0800: 0.669: [GC concurrent-mark-start]
2020-10-29T17:02:20.932-0800: 0.670: [GC concurrent-mark-end, 0.0013569 secs]
2020-10-29T17:02:20.932-0800: 0.670: [GC remark, 0.0015629 secs]
2020-10-29T17:02:20.934-0800: 0.672: [GC cleanup 368M->368M(512M), 0.0006636 secs]
2020-10-29T17:02:20.941-0800: 0.679: [GC pause (G1 Evacuation Pause) (young) 411M->370M(512M), 0.0020884 secs]
2020-10-29T17:02:20.946-0800: 0.684: [GC pause (G1 Evacuation Pause) (mixed) 395M->359M(512M), 0.0042561 secs]
2020-10-29T17:02:20.951-0800: 0.689: [GC pause (G1 Humongous Allocation) (young) (initial-mark) 360M->360M(512M), 0.0010986 secs]
2020-10-29T17:02:20.952-0800: 0.690: [GC concurrent-root-region-scan-start]
2020-10-29T17:02:20.952-0800: 0.690: [GC concurrent-root-region-scan-end, 0.0000672 secs]
2020-10-29T17:02:20.952-0800: 0.690: [GC concurrent-mark-start]
2020-10-29T17:02:20.953-0800: 0.691: [GC concurrent-mark-end, 0.0012493 secs]
2020-10-29T17:02:20.953-0800: 0.691: [GC remark, 0.0012607 secs]
2020-10-29T17:02:20.955-0800: 0.692: [GC cleanup 366M->366M(512M), 0.0006586 secs]
2020-10-29T17:02:20.960-0800: 0.698: [GC pause (G1 Evacuation Pause) (young) 402M->369M(512M), 0.0018826 secs]
2020-10-29T17:02:20.965-0800: 0.703: [GC pause (G1 Evacuation Pause) (mixed) 391M->353M(512M), 0.0035795 secs]
2020-10-29T17:02:20.969-0800: 0.707: [GC pause (G1 Humongous Allocation) (young) (initial-mark) 354M->354M(512M), 0.0011972 secs]
2020-10-29T17:02:20.970-0800: 0.708: [GC concurrent-root-region-scan-start]
2020-10-29T17:02:20.970-0800: 0.708: [GC concurrent-root-region-scan-end, 0.0000615 secs]
2020-10-29T17:02:20.970-0800: 0.708: [GC concurrent-mark-start]
2020-10-29T17:02:20.972-0800: 0.710: [GC concurrent-mark-end, 0.0012642 secs]
2020-10-29T17:02:20.972-0800: 0.710: [GC remark, 0.0013020 secs]
2020-10-29T17:02:20.973-0800: 0.711: [GC cleanup 365M->365M(512M), 0.0005748 secs]
2020-10-29T17:02:20.978-0800: 0.716: [GC pause (G1 Evacuation Pause) (young) 405M->370M(512M), 0.0021063 secs]
2020-10-29T17:02:20.983-0800: 0.721: [GC pause (G1 Evacuation Pause) (mixed) 393M->362M(512M), 0.0030732 secs]
2020-10-29T17:02:20.987-0800: 0.724: [GC pause (G1 Humongous Allocation) (young) (initial-mark) 363M->364M(512M), 0.0011000 secs]
2020-10-29T17:02:20.988-0800: 0.726: [GC concurrent-root-region-scan-start]
2020-10-29T17:02:20.988-0800: 0.726: [GC concurrent-root-region-scan-end, 0.0000368 secs]
2020-10-29T17:02:20.988-0800: 0.726: [GC concurrent-mark-start]
2020-10-29T17:02:20.989-0800: 0.727: [GC concurrent-mark-end, 0.0011776 secs]
2020-10-29T17:02:20.989-0800: 0.727: [GC remark, 0.0014335 secs]
2020-10-29T17:02:20.991-0800: 0.728: [GC cleanup 376M->376M(512M), 0.0005249 secs]
2020-10-29T17:02:20.994-0800: 0.732: [GC pause (G1 Evacuation Pause) (young) 397M->370M(512M), 0.0015671 secs]
2020-10-29T17:02:20.998-0800: 0.736: [GC pause (G1 Evacuation Pause) (mixed) 396M->361M(512M), 0.0036284 secs]
2020-10-29T17:02:21.002-0800: 0.740: [GC pause (G1 Humongous Allocation) (young) (initial-mark) 363M->361M(512M), 0.0009655 secs]
2020-10-29T17:02:21.003-0800: 0.741: [GC concurrent-root-region-scan-start]
2020-10-29T17:02:21.004-0800: 0.741: [GC concurrent-root-region-scan-end, 0.0000641 secs]
2020-10-29T17:02:21.004-0800: 0.741: [GC concurrent-mark-start]
2020-10-29T17:02:21.005-0800: 0.743: [GC concurrent-mark-end, 0.0011045 secs]
2020-10-29T17:02:21.005-0800: 0.743: [GC remark, 0.0012103 secs]
2020-10-29T17:02:21.006-0800: 0.744: [GC cleanup 369M->369M(512M), 0.0005032 secs]
2020-10-29T17:02:21.010-0800: 0.747: [GC pause (G1 Evacuation Pause) (young) 393M->370M(512M), 0.0015261 secs]
2020-10-29T17:02:21.014-0800: 0.752: [GC pause (G1 Evacuation Pause) (mixed) 396M->361M(512M), 0.0035025 secs]
2020-10-29T17:02:21.018-0800: 0.756: [GC pause (G1 Humongous Allocation) (young) (initial-mark) 363M->361M(512M), 0.0010816 secs]
2020-10-29T17:02:21.019-0800: 0.757: [GC concurrent-root-region-scan-start]
2020-10-29T17:02:21.019-0800: 0.757: [GC concurrent-root-region-scan-end, 0.0000639 secs]
2020-10-29T17:02:21.019-0800: 0.757: [GC concurrent-mark-start]
2020-10-29T17:02:21.020-0800: 0.758: [GC concurrent-mark-end, 0.0011166 secs]
2020-10-29T17:02:21.020-0800: 0.758: [GC remark, 0.0013569 secs]
2020-10-29T17:02:21.022-0800: 0.760: [GC cleanup 374M->374M(512M), 0.0005249 secs]
2020-10-29T17:02:21.026-0800: 0.764: [GC pause (G1 Evacuation Pause) (young) 404M->372M(512M), 0.0018977 secs]
2020-10-29T17:02:21.031-0800: 0.768: [GC pause (G1 Evacuation Pause) (mixed) 397M->366M(512M), 0.0036502 secs]
2020-10-29T17:02:21.034-0800: 0.772: [GC pause (G1 Humongous Allocation) (young) (initial-mark) 367M->367M(512M), 0.0010273 secs]
2020-10-29T17:02:21.035-0800: 0.773: [GC concurrent-root-region-scan-start]
2020-10-29T17:02:21.035-0800: 0.773: [GC concurrent-root-region-scan-end, 0.0000069 secs]
2020-10-29T17:02:21.035-0800: 0.773: [GC concurrent-mark-start]
2020-10-29T17:02:21.037-0800: 0.774: [GC concurrent-mark-end, 0.0011292 secs]
2020-10-29T17:02:21.037-0800: 0.774: [GC remark, 0.0013019 secs]
2020-10-29T17:02:21.038-0800: 0.776: [GC cleanup 374M->374M(512M), 0.0005152 secs]
2020-10-29T17:02:21.043-0800: 0.781: [GC pause (G1 Evacuation Pause) (young) 404M->373M(512M), 0.0016461 secs]
2020-10-29T17:02:21.047-0800: 0.785: [GC pause (G1 Evacuation Pause) (mixed) 402M->368M(512M), 0.0044598 secs]
2020-10-29T17:02:21.053-0800: 0.791: [GC pause (G1 Humongous Allocation) (young) (initial-mark) 376M->369M(512M), 0.0009925 secs]
2020-10-29T17:02:21.054-0800: 0.792: [GC concurrent-root-region-scan-start]
2020-10-29T17:02:21.055-0800: 0.792: [GC concurrent-root-region-scan-end, 0.0000753 secs]
2020-10-29T17:02:21.055-0800: 0.792: [GC concurrent-mark-start]
2020-10-29T17:02:21.056-0800: 0.794: [GC concurrent-mark-end, 0.0011485 secs]
2020-10-29T17:02:21.056-0800: 0.794: [GC remark, 0.0014020 secs]
2020-10-29T17:02:21.057-0800: 0.795: [GC cleanup 381M->381M(512M), 0.0005077 secs]
2020-10-29T17:02:21.061-0800: 0.799: [GC pause (G1 Evacuation Pause) (young) 403M->377M(512M), 0.0014611 secs]
2020-10-29T17:02:21.066-0800: 0.803: [GC pause (G1 Evacuation Pause) (mixed) 401M->365M(512M), 0.0038272 secs]
2020-10-29T17:02:21.071-0800: 0.808: [GC pause (G1 Humongous Allocation) (young) (initial-mark) 371M->365M(512M), 0.0010692 secs]
2020-10-29T17:02:21.072-0800: 0.810: [GC concurrent-root-region-scan-start]
2020-10-29T17:02:21.072-0800: 0.810: [GC concurrent-root-region-scan-end, 0.0000644 secs]
2020-10-29T17:02:21.072-0800: 0.810: [GC concurrent-mark-start]
2020-10-29T17:02:21.073-0800: 0.811: [GC concurrent-mark-end, 0.0012050 secs]
2020-10-29T17:02:21.073-0800: 0.811: [GC remark, 0.0014202 secs]
2020-10-29T17:02:21.075-0800: 0.812: [GC cleanup 380M->380M(512M), 0.0006118 secs]
2020-10-29T17:02:21.079-0800: 0.817: [GC pause (G1 Evacuation Pause) (young) 412M->381M(512M), 0.0022294 secs]
2020-10-29T17:02:21.084-0800: 0.822: [GC pause (G1 Evacuation Pause) (mixed) 407M->376M(512M), 0.0032680 secs]
2020-10-29T17:02:21.088-0800: 0.826: [GC pause (G1 Humongous Allocation) (young) (initial-mark) 378M->377M(512M), 0.0010995 secs]
2020-10-29T17:02:21.089-0800: 0.827: [GC concurrent-root-region-scan-start]
2020-10-29T17:02:21.089-0800: 0.827: [GC concurrent-root-region-scan-end, 0.0000597 secs]
2020-10-29T17:02:21.089-0800: 0.827: [GC concurrent-mark-start]
2020-10-29T17:02:21.090-0800: 0.828: [GC concurrent-mark-end, 0.0011318 secs]
2020-10-29T17:02:21.091-0800: 0.828: [GC remark, 0.0012141 secs]
2020-10-29T17:02:21.092-0800: 0.830: [GC cleanup 388M->388M(512M), 0.0004643 secs]
2020-10-29T17:02:21.095-0800: 0.833: [GC pause (G1 Evacuation Pause) (young) 407M->388M(512M), 0.0012750 secs]
2020-10-29T17:02:21.099-0800: 0.837: [GC pause (G1 Evacuation Pause) (mixed)-- 412M->396M(512M), 0.0041082 secs]
2020-10-29T17:02:21.103-0800: 0.841: [GC pause (G1 Humongous Allocation) (young) (initial-mark) 399M->396M(512M), 0.0010462 secs]
2020-10-29T17:02:21.105-0800: 0.843: [GC concurrent-root-region-scan-start]
2020-10-29T17:02:21.105-0800: 0.843: [GC concurrent-root-region-scan-end, 0.0001012 secs]
2020-10-29T17:02:21.105-0800: 0.843: [GC concurrent-mark-start]
2020-10-29T17:02:21.106-0800: 0.844: [GC concurrent-mark-end, 0.0011302 secs]
2020-10-29T17:02:21.106-0800: 0.844: [GC remark, 0.0013769 secs]
2020-10-29T17:02:21.107-0800: 0.845: [GC cleanup 405M->405M(512M), 0.0005274 secs]
2020-10-29T17:02:21.111-0800: 0.848: [GC pause (G1 Evacuation Pause) (young) 428M->405M(512M), 0.0016334 secs]
2020-10-29T17:02:21.115-0800: 0.853: [GC pause (G1 Evacuation Pause) (mixed)-- 431M->428M(512M), 0.0025616 secs]
2020-10-29T17:02:21.120-0800: 0.858: [GC pause (G1 Evacuation Pause) (mixed)-- 449M->442M(512M), 0.0017980 secs]
2020-10-29T17:02:21.122-0800: 0.860: [GC pause (G1 Humongous Allocation) (young) (initial-mark) 443M->443M(512M), 0.0006936 secs]
2020-10-29T17:02:21.123-0800: 0.861: [GC concurrent-root-region-scan-start]
2020-10-29T17:02:21.123-0800: 0.861: [GC concurrent-root-region-scan-end, 0.0000260 secs]
2020-10-29T17:02:21.123-0800: 0.861: [GC concurrent-mark-start]
2020-10-29T17:02:21.124-0800: 0.862: [GC concurrent-mark-end, 0.0010628 secs]
2020-10-29T17:02:21.124-0800: 0.862: [GC remark, 0.0011444 secs]
2020-10-29T17:02:21.125-0800: 0.863: [GC cleanup 450M->449M(512M), 0.0004112 secs]
2020-10-29T17:02:21.126-0800: 0.864: [GC concurrent-cleanup-start]
2020-10-29T17:02:21.126-0800: 0.864: [GC concurrent-cleanup-end, 0.0000086 secs]
2020-10-29T17:02:21.126-0800: 0.864: [GC pause (G1 Evacuation Pause) (young)-- 450M->449M(512M), 0.0007942 secs]
2020-10-29T17:02:21.127-0800: 0.865: [GC pause (G1 Humongous Allocation) (mixed)-- 450M->450M(512M), 0.0006343 secs]
2020-10-29T17:02:21.128-0800: 0.866: [Full GC (Allocation Failure)  450M->337M(512M), 0.0374872 secs]
2020-10-29T17:02:21.165-0800: 0.903: [GC pause (G1 Humongous Allocation) (young) (initial-mark) 339M->338M(512M), 0.0009383 secs]
2020-10-29T17:02:21.166-0800: 0.904: [GC concurrent-root-region-scan-start]
2020-10-29T17:02:21.166-0800: 0.904: [GC concurrent-root-region-scan-end, 0.0000328 secs]
2020-10-29T17:02:21.166-0800: 0.904: [GC concurrent-mark-start]
2020-10-29T17:02:21.168-0800: 0.906: [GC concurrent-mark-end, 0.0012738 secs]
2020-10-29T17:02:21.168-0800: 0.906: [GC remark, 0.0014200 secs]
2020-10-29T17:02:21.169-0800: 0.907: [GC cleanup 348M->348M(512M), 0.0005665 secs]
2020-10-29T17:02:21.172-0800: 0.910: [GC pause (G1 Evacuation Pause) (young) 367M->347M(512M), 0.0022741 secs]
2020-10-29T17:02:21.176-0800: 0.914: [GC pause (G1 Humongous Allocation) (young) (initial-mark) 352M->349M(512M), 0.0020821 secs]
2020-10-29T17:02:21.178-0800: 0.916: [GC concurrent-root-region-scan-start]
2020-10-29T17:02:21.178-0800: 0.916: [GC concurrent-root-region-scan-end, 0.0000804 secs]
2020-10-29T17:02:21.178-0800: 0.916: [GC concurrent-mark-start]
2020-10-29T17:02:21.179-0800: 0.917: [GC concurrent-mark-end, 0.0014765 secs]
2020-10-29T17:02:21.179-0800: 0.917: [GC remark, 0.0015989 secs]
2020-10-29T17:02:21.181-0800: 0.919: [GC cleanup 360M->360M(512M), 0.0004546 secs]
2020-10-29T17:02:21.184-0800: 0.922: [GC pause (G1 Evacuation Pause) (young) 377M->357M(512M), 0.0012868 secs]
2020-10-29T17:02:21.189-0800: 0.927: [GC pause (G1 Evacuation Pause) (mixed) 385M->363M(512M), 0.0028033 secs]
2020-10-29T17:02:21.192-0800: 0.930: [GC pause (G1 Humongous Allocation) (young) (initial-mark) 365M->363M(512M), 0.0009113 secs]
2020-10-29T17:02:21.193-0800: 0.931: [GC concurrent-root-region-scan-start]
2020-10-29T17:02:21.193-0800: 0.931: [GC concurrent-root-region-scan-end, 0.0000633 secs]
2020-10-29T17:02:21.193-0800: 0.931: [GC concurrent-mark-start]
2020-10-29T17:02:21.194-0800: 0.932: [GC concurrent-mark-end, 0.0010213 secs]
2020-10-29T17:02:21.194-0800: 0.932: [GC remark, 0.0013550 secs]
2020-10-29T17:02:21.196-0800: 0.934: [GC cleanup 373M->373M(512M), 0.0004197 secs]
2020-10-29T17:02:21.199-0800: 0.937: [GC pause (G1 Evacuation Pause) (young) 397M->375M(512M), 0.0017325 secs]
2020-10-29T17:02:21.204-0800: 0.941: [GC pause (G1 Evacuation Pause) (mixed)-- 404M->403M(512M), 0.0024955 secs]
2020-10-29T17:02:21.206-0800: 0.944: [GC pause (G1 Humongous Allocation) (young) (initial-mark) 404M->403M(512M), 0.0007891 secs]
2020-10-29T17:02:21.207-0800: 0.945: [GC concurrent-root-region-scan-start]
2020-10-29T17:02:21.207-0800: 0.945: [GC concurrent-root-region-scan-end, 0.0000562 secs]
2020-10-29T17:02:21.207-0800: 0.945: [GC concurrent-mark-start]
2020-10-29T17:02:21.208-0800: 0.946: [GC concurrent-mark-end, 0.0009597 secs]
2020-10-29T17:02:21.208-0800: 0.946: [GC remark, 0.0011256 secs]
2020-10-29T17:02:21.209-0800: 0.947: [GC cleanup 412M->412M(512M), 0.0004564 secs]
2020-10-29T17:02:21.210-0800: 0.948: [GC pause (G1 Evacuation Pause) (young)-- 417M->413M(512M), 0.0008673 secs]
2020-10-29T17:02:21.212-0800: 0.950: [GC pause (G1 Humongous Allocation) (mixed)-- 418M->417M(512M), 0.0007741 secs]
2020-10-29T17:02:21.213-0800: 0.951: [GC pause (G1 Evacuation Pause) (mixed)-- 419M->419M(512M), 0.0007149 secs]
2020-10-29T17:02:21.214-0800: 0.952: [Full GC (Allocation Failure)  419M->342M(512M), 0.0365042 secs]
2020-10-29T17:02:21.251-0800: 0.989: [GC pause (G1 Humongous Allocation) (young) (initial-mark) 343M->343M(512M), 0.0011730 secs]
2020-10-29T17:02:21.252-0800: 0.990: [GC concurrent-root-region-scan-start]
2020-10-29T17:02:21.252-0800: 0.990: [GC concurrent-root-region-scan-end, 0.0000448 secs]
2020-10-29T17:02:21.252-0800: 0.990: [GC concurrent-mark-start]
2020-10-29T17:02:21.253-0800: 0.991: [GC concurrent-mark-end, 0.0010832 secs]
2020-10-29T17:02:21.253-0800: 0.991: [GC remark, 0.0014259 secs]
2020-10-29T17:02:21.255-0800: 0.993: [GC cleanup 350M->350M(512M), 0.0005328 secs]
2020-10-29T17:02:21.258-0800: 0.996: [GC pause (G1 Evacuation Pause) (young) 371M->351M(512M), 0.0019123 secs]
2020-10-29T17:02:21.261-0800: 0.999: [GC pause (G1 Humongous Allocation) (young) (initial-mark) 352M->350M(512M), 0.0010404 secs]
2020-10-29T17:02:21.262-0800: 1.000: [GC concurrent-root-region-scan-start]
2020-10-29T17:02:21.262-0800: 1.000: [GC concurrent-root-region-scan-end, 0.0000813 secs]
2020-10-29T17:02:21.262-0800: 1.000: [GC concurrent-mark-start]
2020-10-29T17:02:21.263-0800: 1.001: [GC concurrent-mark-end, 0.0010479 secs]
2020-10-29T17:02:21.263-0800: 1.001: [GC remark, 0.0013704 secs]
2020-10-29T17:02:21.264-0800: 1.002: [GC cleanup 358M->358M(512M), 0.0005455 secs]
2020-10-29T17:02:21.268-0800: 1.006: [GC pause (G1 Evacuation Pause) (young) 380M->357M(512M), 0.0014418 secs]
2020-10-29T17:02:21.272-0800: 1.010: [GC pause (G1 Evacuation Pause) (mixed) 382M->361M(512M), 0.0016193 secs]
2020-10-29T17:02:21.275-0800: 1.013: [GC pause (G1 Humongous Allocation) (young) (initial-mark) 367M->362M(512M), 0.0011857 secs]
2020-10-29T17:02:21.276-0800: 1.014: [GC concurrent-root-region-scan-start]
2020-10-29T17:02:21.276-0800: 1.014: [GC concurrent-root-region-scan-end, 0.0000646 secs]
2020-10-29T17:02:21.276-0800: 1.014: [GC concurrent-mark-start]
2020-10-29T17:02:21.277-0800: 1.015: [GC concurrent-mark-end, 0.0009576 secs]
2020-10-29T17:02:21.277-0800: 1.015: [GC remark, 0.0012627 secs]
2020-10-29T17:02:21.279-0800: 1.017: [GC cleanup 371M->371M(512M), 0.0004896 secs]
2020-10-29T17:02:21.282-0800: 1.020: [GC pause (G1 Evacuation Pause) (young) 393M->368M(512M), 0.0015681 secs]
2020-10-29T17:02:21.287-0800: 1.025: [GC pause (G1 Evacuation Pause) (mixed)-- 393M->389M(512M), 0.0025688 secs]
2020-10-29T17:02:21.290-0800: 1.028: [GC pause (G1 Humongous Allocation) (young) (initial-mark) 391M->389M(512M), 0.0009288 secs]
2020-10-29T17:02:21.291-0800: 1.029: [GC concurrent-root-region-scan-start]
2020-10-29T17:02:21.291-0800: 1.029: [GC concurrent-root-region-scan-end, 0.0000732 secs]
2020-10-29T17:02:21.291-0800: 1.029: [GC concurrent-mark-start]
2020-10-29T17:02:21.292-0800: 1.030: [GC concurrent-mark-end, 0.0009644 secs]
2020-10-29T17:02:21.292-0800: 1.030: [GC remark, 0.0012126 secs]
2020-10-29T17:02:21.293-0800: 1.031: [GC cleanup 398M->398M(512M), 0.0004742 secs]
2020-10-29T17:02:21.296-0800: 1.034: [GC pause (G1 Humongous Allocation) (young)-- 417M->409M(512M), 0.0013196 secs]
2020-10-29T17:02:21.298-0800: 1.036: [GC pause (G1 Humongous Allocation) (mixed)-- 419M->415M(512M), 0.0011813 secs]
2020-10-29T17:02:21.300-0800: 1.038: [GC pause (G1 Evacuation Pause) (mixed)-- 420M->420M(512M), 0.0008294 secs]
2020-10-29T17:02:21.301-0800: 1.039: [Full GC (Allocation Failure)  420M->346M(512M), 0.0378892 secs]
