Java HotSpot(TM) 64-Bit Server VM (25.261-b12) for bsd-amd64 JRE (1.8.0_261-b12), built on Jun 18 2020 06:38:55 by "java_re" with gcc 4.2.1 Compatible Apple LLVM 10.0.0 (clang-1000.11.45.5)
Memory: 4k page, physical 8388608k(275288k free)

/proc/meminfo:

CommandLine flags: -XX:InitialHeapSize=1073741824 -XX:MaxHeapSize=1073741824 -XX:+PrintGC -XX:+PrintGCDateStamps -XX:+PrintGCDetails -XX:+PrintGCTimeStamps -XX:+UseCompressedClassPointers -XX:+UseCompressedOops -XX:+UseParallelGC 
2020-10-29T16:41:33.251-0800: 0.260: [GC (Allocation Failure) [PSYoungGen: 262144K->43517K(305664K)] 262144K->73565K(1005056K), 0.0995906 secs] [Times: user=0.04 sys=0.08, real=0.10 secs] 
2020-10-29T16:41:33.403-0800: 0.413: [GC (Allocation Failure) [PSYoungGen: 305661K->43516K(305664K)] 335709K->147166K(1005056K), 0.0431075 secs] [Times: user=0.06 sys=0.22, real=0.04 secs] 
2020-10-29T16:41:33.481-0800: 0.491: [GC (Allocation Failure) [PSYoungGen: 305660K->43513K(305664K)] 409310K->219865K(1005056K), 0.0352629 secs] [Times: user=0.08 sys=0.16, real=0.03 secs] 
2020-10-29T16:41:33.546-0800: 0.556: [GC (Allocation Failure) [PSYoungGen: 305657K->43518K(305664K)] 482009K->290712K(1005056K), 0.0336237 secs] [Times: user=0.06 sys=0.15, real=0.04 secs] 
2020-10-29T16:41:33.616-0800: 0.626: [GC (Allocation Failure) [PSYoungGen: 305662K->43506K(305664K)] 552856K->366473K(1005056K), 0.0451833 secs] [Times: user=0.10 sys=0.16, real=0.05 secs] 
2020-10-29T16:41:33.692-0800: 0.701: [GC (Allocation Failure) [PSYoungGen: 305650K->43513K(160256K)] 628617K->437463K(859648K), 0.0363280 secs] [Times: user=0.07 sys=0.13, real=0.03 secs] 
2020-10-29T16:41:33.747-0800: 0.756: [GC (Allocation Failure) [PSYoungGen: 159965K->69062K(232960K)] 553915K->471136K(932352K), 0.0121827 secs] [Times: user=0.04 sys=0.02, real=0.01 secs] 
2020-10-29T16:41:33.778-0800: 0.788: [GC (Allocation Failure) [PSYoungGen: 185798K->93707K(232960K)] 587872K->502917K(932352K), 0.0165124 secs] [Times: user=0.07 sys=0.01, real=0.02 secs] 
2020-10-29T16:41:33.815-0800: 0.824: [GC (Allocation Failure) [PSYoungGen: 210108K->107757K(232960K)] 619318K->534182K(932352K), 0.0286884 secs] [Times: user=0.10 sys=0.04, real=0.03 secs] 
2020-10-29T16:41:33.866-0800: 0.875: [GC (Allocation Failure) [PSYoungGen: 224493K->75463K(232960K)] 650918K->564525K(932352K), 0.0425251 secs] [Times: user=0.07 sys=0.15, real=0.04 secs] 
2020-10-29T16:41:33.924-0800: 0.934: [GC (Allocation Failure) [PSYoungGen: 192199K->38742K(232960K)] 681261K->595998K(932352K), 0.0653681 secs] [Times: user=0.05 sys=0.10, real=0.07 secs] 
2020-10-29T16:41:34.007-0800: 1.016: [GC (Allocation Failure) [PSYoungGen: 155478K->39040K(232960K)] 712734K->630348K(932352K), 0.0351912 secs] [Times: user=0.03 sys=0.04, real=0.04 secs] 
2020-10-29T16:41:34.058-0800: 1.068: [GC (Allocation Failure) [PSYoungGen: 155564K->42793K(232960K)] 746872K->668438K(932352K), 0.0452954 secs] [Times: user=0.04 sys=0.04, real=0.05 secs] 
2020-10-29T16:41:34.104-0800: 1.113: [Full GC (Ergonomics) [PSYoungGen: 42793K->0K(232960K)] [ParOldGen: 625644K->346474K(699392K)] 668438K->346474K(932352K), [Metaspace: 2725K->2725K(1056768K)], 0.0762823 secs] [Times: user=0.37 sys=0.02, real=0.08 secs] 
Heap
 PSYoungGen      total 232960K, used 7589K [0x00000007aab00000, 0x00000007c0000000, 0x00000007c0000000)
  eden space 116736K, 6% used [0x00000007aab00000,0x00000007ab269598,0x00000007b1d00000)
  from space 116224K, 0% used [0x00000007b1d00000,0x00000007b1d00000,0x00000007b8e80000)
  to   space 116224K, 0% used [0x00000007b8e80000,0x00000007b8e80000,0x00000007c0000000)
 ParOldGen       total 699392K, used 346474K [0x0000000780000000, 0x00000007aab00000, 0x00000007aab00000)
  object space 699392K, 49% used [0x0000000780000000,0x000000079525a810,0x00000007aab00000)
 Metaspace       used 2732K, capacity 4486K, committed 4864K, reserved 1056768K
  class space    used 296K, capacity 386K, committed 512K, reserved 1048576K
