Java HotSpot(TM) 64-Bit Server VM (25.261-b12) for bsd-amd64 JRE (1.8.0_261-b12), built on Jun 18 2020 06:38:55 by "java_re" with gcc 4.2.1 Compatible Apple LLVM 10.0.0 (clang-1000.11.45.5)
Memory: 4k page, physical 8388608k(1223908k free)

/proc/meminfo:

CommandLine flags: -XX:InitialHeapSize=2147483648 -XX:MaxHeapSize=2147483648 -XX:+PrintGC -XX:+PrintGCDateStamps -XX:+PrintGCDetails -XX:+PrintGCTimeStamps -XX:+UseCompressedClassPointers -XX:+UseCompressedOops -XX:+UseSerialGC 
2020-10-29T16:45:38.973-0800: 0.374: [GC (Allocation Failure) 2020-10-29T16:45:38.974-0800: 0.374: [DefNew: 559232K->69888K(629120K), 0.0849430 secs] 559232K->151543K(2027264K), 0.0850515 secs] [Times: user=0.05 sys=0.03, real=0.08 secs] 
2020-10-29T16:45:39.133-0800: 0.533: [GC (Allocation Failure) 2020-10-29T16:45:39.133-0800: 0.533: [DefNew: 629120K->69887K(629120K), 0.1208910 secs] 710775K->273826K(2027264K), 0.1210359 secs] [Times: user=0.07 sys=0.05, real=0.12 secs] 
2020-10-29T16:45:39.331-0800: 0.731: [GC (Allocation Failure) 2020-10-29T16:45:39.331-0800: 0.732: [DefNew: 629119K->69887K(629120K), 0.1244416 secs] 833058K->388564K(2027264K), 0.1245284 secs] [Times: user=0.06 sys=0.03, real=0.12 secs] 
2020-10-29T16:45:39.529-0800: 0.929: [GC (Allocation Failure) 2020-10-29T16:45:39.529-0800: 0.930: [DefNew: 629119K->69887K(629120K), 0.1261941 secs] 947796K->510826K(2027264K), 0.1263288 secs] [Times: user=0.07 sys=0.05, real=0.13 secs] 
Heap
 def new generation   total 629120K, used 152174K [0x0000000740000000, 0x000000076aaa0000, 0x000000076aaa0000)
  eden space 559232K,  14% used [0x0000000740000000, 0x000000074505b940, 0x0000000762220000)
  from space 69888K,  99% used [0x0000000762220000, 0x000000076665fff0, 0x0000000766660000)
  to   space 69888K,   0% used [0x0000000766660000, 0x0000000766660000, 0x000000076aaa0000)
 tenured generation   total 1398144K, used 440938K [0x000000076aaa0000, 0x00000007c0000000, 0x00000007c0000000)
   the space 1398144K,  31% used [0x000000076aaa0000, 0x000000078593aa28, 0x000000078593ac00, 0x00000007c0000000)
 Metaspace       used 2732K, capacity 4486K, committed 4864K, reserved 1056768K
  class space    used 296K, capacity 386K, committed 512K, reserved 1048576K
