Java HotSpot(TM) 64-Bit Server VM (25.261-b12) for bsd-amd64 JRE (1.8.0_261-b12), built on Jun 18 2020 06:38:55 by "java_re" with gcc 4.2.1 Compatible Apple LLVM 10.0.0 (clang-1000.11.45.5)
Memory: 4k page, physical 8388608k(1183340k free)

/proc/meminfo:

CommandLine flags: -XX:InitialHeapSize=536870912 -XX:MaxHeapSize=536870912 -XX:+PrintGC -XX:+PrintGCDateStamps -XX:+PrintGCDetails -XX:+PrintGCTimeStamps -XX:+UseCompressedClassPointers -XX:+UseCompressedOops -XX:+UseSerialGC 
2020-10-29T16:44:43.629-0800: 0.170: [GC (Allocation Failure) 2020-10-29T16:44:43.629-0800: 0.170: [DefNew: 139776K->17472K(157248K), 0.0236253 secs] 139776K->41551K(506816K), 0.0237459 secs] [Times: user=0.02 sys=0.01, real=0.03 secs] 
2020-10-29T16:44:43.671-0800: 0.212: [GC (Allocation Failure) 2020-10-29T16:44:43.671-0800: 0.212: [DefNew: 157248K->17471K(157248K), 0.0338419 secs] 181327K->86336K(506816K), 0.0339332 secs] [Times: user=0.02 sys=0.02, real=0.03 secs] 
2020-10-29T16:44:43.722-0800: 0.263: [GC (Allocation Failure) 2020-10-29T16:44:43.722-0800: 0.263: [DefNew: 157247K->17472K(157248K), 0.0277614 secs] 226112K->130746K(506816K), 0.0278540 secs] [Times: user=0.02 sys=0.01, real=0.03 secs] 
2020-10-29T16:44:43.767-0800: 0.308: [GC (Allocation Failure) 2020-10-29T16:44:43.767-0800: 0.308: [DefNew: 157248K->17471K(157248K), 0.0274253 secs] 270522K->172187K(506816K), 0.0275367 secs] [Times: user=0.01 sys=0.01, real=0.03 secs] 
2020-10-29T16:44:43.814-0800: 0.355: [GC (Allocation Failure) 2020-10-29T16:44:43.814-0800: 0.355: [DefNew: 157247K->17471K(157248K), 0.0321589 secs] 311963K->216594K(506816K), 0.0322601 secs] [Times: user=0.02 sys=0.01, real=0.03 secs] 
2020-10-29T16:44:43.862-0800: 0.403: [GC (Allocation Failure) 2020-10-29T16:44:43.862-0800: 0.403: [DefNew: 157247K->17471K(157248K), 0.0248623 secs] 356370K->252566K(506816K), 0.0249633 secs] [Times: user=0.02 sys=0.01, real=0.02 secs] 
2020-10-29T16:44:43.903-0800: 0.444: [GC (Allocation Failure) 2020-10-29T16:44:43.903-0800: 0.444: [DefNew: 157185K->17467K(157248K), 0.0263280 secs] 392279K->294604K(506816K), 0.0264184 secs] [Times: user=0.02 sys=0.01, real=0.02 secs] 
2020-10-29T16:44:43.946-0800: 0.487: [GC (Allocation Failure) 2020-10-29T16:44:43.946-0800: 0.487: [DefNew: 157106K->17471K(157248K), 0.0328294 secs] 434244K->347338K(506816K), 0.0329266 secs] [Times: user=0.02 sys=0.02, real=0.03 secs] 
2020-10-29T16:44:43.994-0800: 0.535: [GC (Allocation Failure) 2020-10-29T16:44:43.994-0800: 0.535: [DefNew: 157247K->157247K(157248K), 0.0000171 secs]2020-10-29T16:44:43.994-0800: 0.535: [Tenured: 329867K->269909K(349568K), 0.0392999 secs] 487114K->269909K(506816K), [Metaspace: 2725K->2725K(1056768K)], 0.0394340 secs] [Times: user=0.04 sys=0.00, real=0.04 secs] 
2020-10-29T16:44:44.052-0800: 0.593: [GC (Allocation Failure) 2020-10-29T16:44:44.052-0800: 0.593: [DefNew: 139705K->17470K(157248K), 0.0114891 secs] 409614K->320946K(506816K), 0.0115841 secs] [Times: user=0.01 sys=0.00, real=0.01 secs] 
2020-10-29T16:44:44.089-0800: 0.630: [GC (Allocation Failure) 2020-10-29T16:44:44.089-0800: 0.630: [DefNew: 157246K->157246K(157248K), 0.0000273 secs]2020-10-29T16:44:44.089-0800: 0.630: [Tenured: 303476K->299534K(349568K), 0.0431602 secs] 460722K->299534K(506816K), [Metaspace: 2725K->2725K(1056768K)], 0.0433408 secs] [Times: user=0.04 sys=0.00, real=0.05 secs] 
2020-10-29T16:44:44.152-0800: 0.694: [GC (Allocation Failure) 2020-10-29T16:44:44.152-0800: 0.694: [DefNew: 139776K->17469K(157248K), 0.0064683 secs] 439310K->344997K(506816K), 0.0065595 secs] [Times: user=0.01 sys=0.00, real=0.00 secs] 
2020-10-29T16:44:44.177-0800: 0.719: [GC (Allocation Failure) 2020-10-29T16:44:44.178-0800: 0.719: [DefNew: 157245K->157245K(157248K), 0.0000174 secs]2020-10-29T16:44:44.178-0800: 0.719: [Tenured: 327527K->322347K(349568K), 0.0457934 secs] 484773K->322347K(506816K), [Metaspace: 2725K->2725K(1056768K)], 0.0459279 secs] [Times: user=0.05 sys=0.00, real=0.05 secs] 
2020-10-29T16:44:44.242-0800: 0.783: [GC (Allocation Failure) 2020-10-29T16:44:44.242-0800: 0.783: [DefNew: 139776K->139776K(157248K), 0.0000217 secs]2020-10-29T16:44:44.242-0800: 0.783: [Tenured: 322347K->320655K(349568K), 0.0486450 secs] 462123K->320655K(506816K), [Metaspace: 2725K->2725K(1056768K)], 0.0488129 secs] [Times: user=0.05 sys=0.00, real=0.05 secs] 
2020-10-29T16:44:44.312-0800: 0.854: [GC (Allocation Failure) 2020-10-29T16:44:44.312-0800: 0.854: [DefNew: 139596K->139596K(157248K), 0.0000192 secs]2020-10-29T16:44:44.312-0800: 0.854: [Tenured: 320655K->341684K(349568K), 0.0362035 secs] 460252K->341684K(506816K), [Metaspace: 2725K->2725K(1056768K)], 0.0363346 secs] [Times: user=0.03 sys=0.00, real=0.03 secs] 
2020-10-29T16:44:44.368-0800: 0.909: [GC (Allocation Failure) 2020-10-29T16:44:44.368-0800: 0.909: [DefNew: 139776K->139776K(157248K), 0.0000176 secs]2020-10-29T16:44:44.368-0800: 0.909: [Tenured: 341684K->346927K(349568K), 0.0438133 secs] 481460K->346927K(506816K), [Metaspace: 2725K->2725K(1056768K)], 0.0439343 secs] [Times: user=0.04 sys=0.00, real=0.05 secs] 
2020-10-29T16:44:44.431-0800: 0.972: [GC (Allocation Failure) 2020-10-29T16:44:44.431-0800: 0.972: [DefNew: 139776K->139776K(157248K), 0.0000169 secs]2020-10-29T16:44:44.431-0800: 0.973: [Tenured: 346927K->349319K(349568K), 0.0519634 secs] 486703K->349675K(506816K), [Metaspace: 2725K->2725K(1056768K)], 0.0520972 secs] [Times: user=0.05 sys=0.00, real=0.05 secs] 
2020-10-29T16:44:44.515-0800: 1.056: [Full GC (Allocation Failure) 2020-10-29T16:44:44.515-0800: 1.056: [Tenured: 349512K->340465K(349568K), 0.0616860 secs] 506740K->340465K(506816K), [Metaspace: 2725K->2725K(1056768K)], 0.0618648 secs] [Times: user=0.07 sys=0.00, real=0.06 secs] 
Heap
 def new generation   total 157248K, used 5982K [0x00000007a0000000, 0x00000007aaaa0000, 0x00000007aaaa0000)
  eden space 139776K,   4% used [0x00000007a0000000, 0x00000007a05d7ad0, 0x00000007a8880000)
  from space 17472K,   0% used [0x00000007a8880000, 0x00000007a8880000, 0x00000007a9990000)
  to   space 17472K,   0% used [0x00000007a9990000, 0x00000007a9990000, 0x00000007aaaa0000)
 tenured generation   total 349568K, used 340465K [0x00000007aaaa0000, 0x00000007c0000000, 0x00000007c0000000)
   the space 349568K,  97% used [0x00000007aaaa0000, 0x00000007bf71c778, 0x00000007bf71c800, 0x00000007c0000000)
 Metaspace       used 2732K, capacity 4486K, committed 4864K, reserved 1056768K
  class space    used 296K, capacity 386K, committed 512K, reserved 1048576K
